// Jest Snapshot v1, https://goo.gl/fbAQLP

exports[`matches snapshot 1`] = `
<div>
  <div>
    <h4>
      Copyright 2022. Read Lead. all rights reserved.
    </h4>
    <br />
  </div>
</div>
`;
